69.181.196.239 - - [05/Mar/2011:14:37:56 -0800] "GET /rw_common/themes/lino/css/width/fluid.css HTTP/1.1" 200 562 "http://www.goldengatetennisclub.org/" "Mozilla/5.0 (Macintosh; U; Intel Mac OS X 10.5; en-US; rv:1.9.2.13) Gecko/20101203 Firefox/3.6.13"
69.181.196.239 - - [05/Mar/2011:14:37:56 -0800] "GET /rw_common/themes/lino/css/header/height/160px.css HTTP/1.1" 200 103 "http://www.goldengatetennisclub.org/" "Mozilla/5.0 (Macintosh; U; Intel Mac OS X 10.5; en-US; rv:1.9.2.13) Gecko/20101203 Firefox/3.6.13"
69.181.196.239 - - [05/Mar/2011:14:37:56 -0800] "GET /rw_common/themes/lino/css/sidebar/hide.css HTTP/1.1" 200 98 "http://www.goldengatetennisclub.org/" "Mozilla/5.0 (Macintosh; U; Intel Mac OS X 10.5; en-US; rv:1.9.2.13) Gecko/20101203 Firefox/3.6.13"
69.181.196.239 - - [05/Mar/2011:14:37:56 -0800] "GET /rw_common/themes/lino/css/thumbnailframe/show.css HTTP/1.1" 200 0 "http://www.goldengatetennisclub.org/" "Mozilla/5.0 (Macintosh; U; Intel Mac OS X 10.5; en-US; rv:1.9.2.13) Gecko/20101203 Firefox/3.6.13"
69.181.196.239 - - [05/Mar/2011:14:37:56 -0800] "GET /rw_common/themes/lino/css/fontfamily/gillsans.css HTTP/1.1" 200 114 "http://www.goldengatetennisclub.org/" "Mozilla/5.0 (Macintosh; U; Intel Mac OS X 10.5; en-US; rv:1.9.2.13) Gecko/20101203 Firefox/3.6.13"
69.181.196.239 - - [05/Mar/2011:14:37:56 -0800] "GET /rw_common/themes/lino/css/fontsize/medium.css HTTP/1.1" 200 27 "http://www.goldengatetennisclub.org/" "Mozilla/5.0 (Macintosh; U; Intel Mac OS X 10.5; en-US; rv:1.9.2.13) Gecko/20101203 Firefox/3.6.13"
69.181.196.239 - - [05/Mar/2011:14:37:56 -0800] "GET /rw_common/themes/lino/css/navbar_transparency/transparent.css HTTP/1.1" 200 347 "http://www.goldengatetennisclub.org/" "Mozilla/5.0 (Macintosh; U; Intel Mac OS X 10.5; en-US; rv:1.9.2.13) Gecko/20101203 Firefox/3.6.13"
69.181.196.239 - - [05/Mar/2011:14:37:56 -0800] "GET /rw_common/themes/lino/css/header/image/image10.css HTTP/1.1" 200 75 "http://www.goldengatetennisclub.org/" "Mozilla/5.0 (Macintosh; U; Intel Mac OS X 10.5; en-US; rv:1.9.2.13) Gecko/20101203 Firefox/3.6.13"
69.181.196.239 - - [05/Mar/2011:14:37:56 -0800] "GET /rw_common/themes/lino/css/shadow/show.css HTTP/1.1" 200 136 "http://www.goldengatetennisclub.org/" "Mozilla/5.0 (Macintosh; U; Intel Mac OS X 10.5; en-US; rv:1.9.2.13) Gecko/20101203 Firefox/3.6.13"
69.181.196.239 - - [05/Mar/2011:14:37:56 -0800] "GET /rw_common/themes/lino/css/image_size/noresize.css HTTP/1.1" 200 51 "http://www.goldengatetennisclub.org/" "Mozilla/5.0 (Macintosh; U; Intel Mac OS X 10.5; en-US; rv:1.9.2.13) Gecko/20101203 Firefox/3.6.13"
69.181.196.239 - - [05/Mar/2011:14:37:56 -0800] "GET /rw_common/themes/lino/css/defaults/none.css HTTP/1.1" 200 0 "http://www.goldengatetennisclub.org/" "Mozilla/5.0 (Macintosh; U; Intel Mac OS X 10.5; en-US; rv:1.9.2.13) Gecko/20101203 Firefox/3.6.13"
69.181.196.239 - - [05/Mar/2011:14:37:56 -0800] "GET /rw_common/themes/lino/colourtag-page0.css HTTP/1.1" 200 2947 "http://www.goldengatetennisclub.org/" "Mozilla/5.0 (Macintosh; U; Intel Mac OS X 10.5; en-US; rv:1.9.2.13) Gecko/20101203 Firefox/3.6.13"
69.181.196.239 - - [05/Mar/2011:14:37:56 -0800] "GET /rw_common/themes/lino/css/top_bottom_transparency/transparent.css HTTP/1.1" 200 255 "http://www.goldengatetennisclub.org/" "Mozilla/5.0 (Macintosh; U; Intel Mac OS X 10.5; en-US; rv:1.9.2.13) Gecko/20101203 Firefox/3.6.13"
69.181.196.239 - - [05/Mar/2011:14:37:56 -0800] "GET /files/page0_2.gif HTTP/1.1" 200 3437 "http://www.goldengatetennisclub.org/" "Mozilla/5.0 (Macintosh; U; Intel Mac OS X 10.5; en-US; rv:1.9.2.13) Gecko/20101203 Firefox/3.6.13"
69.181.196.239 - - [05/Mar/2011:14:37:57 -0800] "GET /files/page0_3.jpg HTTP/1.1" 200 8551 "http://www.goldengatetennisclub.org/" "Mozilla/5.0 (Macintosh; U; Intel Mac OS X 10.5; en-US; rv:1.9.2.13) Gecko/20101203 Firefox/3.6.13"
69.181.196.239 - - [05/Mar/2011:14:37:57 -0800] "GET /rw_common/themes/lino/images/shadow/left.png HTTP/1.1" 200 1394 "http://www.goldengatetennisclub.org/rw_common/themes/lino/css/shadow/show.css" "Mozilla/5.0 (Macintosh; U; Intel Mac OS X 10.5; en-US; rv:1.9.2.13) Gecko/20101203 Firefox/3.6.13"
69.181.196.239 - - [05/Mar/2011:14:37:57 -0800] "GET /rw_common/themes/lino/images/shadow/right.png HTTP/1.1" 200 1429 "http://www.goldengatetennisclub.org/rw_common/themes/lino/css/shadow/show.css" "Mozilla/5.0 (Macintosh; U; Intel Mac OS X 10.5; en-US; rv:1.9.2.13) Gecko/20101203 Firefox/3.6.13"
69.181.196.239 - - [05/Mar/2011:14:37:57 -0800] "GET /rw_common/themes/lino/images/header/image10.jpg HTTP/1.1" 200 50345 "http://www.goldengatetennisclub.org/rw_common/themes/lino/css/header/image/image10.css" "Mozilla/5.0 (Macintosh; U; Intel Mac OS X 10.5; en-US; rv:1.9.2.13) Gecko/20101203 Firefox/3.6.13"
69.181.196.239 - - [05/Mar/2011:14:37:57 -0800] "GET /files/page0_1.jpg HTTP/1.1" 200 136305 "http://www.goldengatetennisclub.org/" "Mozilla/5.0 (Macintosh; U; Intel Mac OS X 10.5; en-US; rv:1.9.2.13) Gecko/20101203 Firefox/3.6.13"
69.181.196.239 - - [05/Mar/2011:14:37:57 -0800] "GET /rw_common/themes/lino/greybox/header_bg.gif HTTP/1.1" 200 1188 "http://www.goldengatetennisclub.org/" "Mozilla/5.0 (Macintosh; U; Intel Mac OS X 10.5; en-US; rv:1.9.2.13) Gecko/20101203 Firefox/3.6.13"
69.181.196.239 - - [05/Mar/2011:14:37:57 -0800] "GET /rw_common/themes/lino/greybox/w_close.gif HTTP/1.1" 200 74 "http://www.goldengatetennisclub.org/" "Mozilla/5.0 (Macintosh; U; Intel Mac OS X 10.5; en-US; rv:1.9.2.13) Gecko/20101203 Firefox/3.6.13"
69.181.196.239 - - [05/Mar/2011:14:37:57 -0800] "GET /rw_common/themes/lino/greybox/g_close.gif HTTP/1.1" 200 541 "http://www.goldengatetennisclub.org/" "Mozilla/5.0 (Macintosh; U; Intel Mac OS X 10.5; en-US; rv:1.9.2.13) Gecko/20101203 Firefox/3.6.13"
69.181.196.239 - - [05/Mar/2011:14:37:57 -0800] "GET /favicon.ico HTTP/1.1" 404 217 "-" "Mozilla/5.0 (Macintosh; U; Intel Mac OS X 10.5; en-US; rv:1.9.2.13) Gecko/20101203 Firefox/3.6.13"
69.181.196.239 - - [05/Mar/2011:14:37:57 -0800] "GET /rw_common/themes/lino/greybox/indicator.gif HTTP/1.1" 200 8238 "http://www.goldengatetennisclub.org/" "Mozilla/5.0 (Macintosh; U; Intel Mac OS X 10.5; en-US; rv:1.9.2.13) Gecko/20101203 Firefox/3.6.13"
69.181.196.239 - - [05/Mar/2011:14:39:55 -0800] "GET /favicon.ico HTTP/1.1" 404 217 "-" "Mozilla/5.0 (Macintosh; U; Intel Mac OS X 10.5; en-US; rv:1.9.2.13) Gecko/20101203 Firefox/3.6.13"
69.181.196.239 - - [05/Mar/2011:14:40:20 -0800] "GET /page4/page4.html HTTP/1.1" 200 15440 "http://www.goldengatetennisclub.org/" "Mozilla/5.0 (Macintosh; U; Intel Mac OS X 10.5; en-US; rv:1.9.2.13) Gecko/20101203 Firefox/3.6.13"
69.181.196.239 - - [05/Mar/2011:14:40:20 -0800] "GET /rw_common/themes/lino/colourtag-page4.css HTTP/1.1" 200 2947 "http://www.goldengatetennisclub.org/page4/page4.html" "Mozilla/5.0 (Macintosh; U; Intel Mac OS X 10.5; en-US; rv:1.9.2.13) Gecko/20101203 Firefox/3.6.13"
69.181.196.239 - - [05/Mar/2011:14:40:20 -0800] "GET /page4/files/page4_1.jpg HTTP/1.1" 200 25337 "http://www.goldengatetennisclub.org/page4/page4.html" "Mozilla/5.0 (Macintosh; U; Intel Mac OS X 10.5; en-US; rv:1.9.2.13) Gecko/20101203 Firefox/3.6.13"
69.181.196.239 - - [05/Mar/2011:14:40:20 -0800] "GET /favicon.ico HTTP/1.1" 404 217 "-" "Mozilla/5.0 (Macintosh; U; Intel Mac OS X 10.5; en-US; rv:1.9.2.13) Gecko/20101203 Firefox/3.6.13"
69.181.205.163 - - [05/Mar/2011:14:42:23 -0800] "GET / HTTP/1.1" 200 14511 "http://www.google.com/search?q=tennis+lessons+san+francisco&ie=utf-8&oe=utf-8&aq=t&rls=org.mozilla:en-US:official&client=firefox-a" "Mozilla/5.0 (Windows; U; Windows NT 5.1; en-US; rv:1.9.2.9) Gecko/20100824 Firefox/3.6.9"
69.181.205.163 - - [05/Mar/2011:14:42:23 -0800] "GET /rw_common/themes/lino/greybox/AJS.js HTTP/1.1" 200 10652 "http://www.goldengatetennisclub.org/" "Mozilla/5.0 (Windows; U; Windows NT 5.1; en-US; rv:1.9.2.9) Gecko/20100824 Firefox/3.6.9"
69.181.205.163 - - [05/Mar/2011:14:42:23 -0800] "GET /rw_common/themes/lino/greybox/AJS_fx.js HTTP/1.1" 200 3156 "http://www.goldengatetennisclub.org/" "Mozilla/5.0 (Windows; U; Windows NT 5.1; en-US; rv:1.9.2.9) Gecko/20100824 Firefox/3.6.9"
69.181.205.163 - - [05/Mar/2011:14:42:23 -0800] "GET /rw_common/themes/lino/greybox/gb_styles.css HTTP/1.1" 200 2302 "http://www.goldengatetennisclub.org/" "Mozilla/5.0 (Windows; U; Windows NT 5.1; en-US; rv:1.9.2.9) Gecko/20100824 Firefox/3.6.9"
69.181.205.163 - - [05/Mar/2011:14:42:23 -0800] "GET /rw_common/themes/lino/print.css HTTP/1.1" 200 3753 "http://www.goldengatetennisclub.org/" "Mozilla/5.0 (Windows; U; Windows NT 5.1; en-US; rv:1.9.2.9) Gecko/20100824 Firefox/3.6.9"
69.181.205.163 - - [05/Mar/2011:14:42:23 -0800] "GET /rw_common/themes/lino/javascript.js HTTP/1.1" 200 14882 "http://www.goldengatetennisclub.org/" "Mozilla/5.0 (Windows; U; Windows NT 5.1; en-US; rv:1.9.2.9) Gecko/20100824 Firefox/3.6.9"
69.181.205.163 - - [05/Mar/2011:14:42:23 -0800] "GET /rw_common/themes/lino/greybox/gb_scripts.js HTTP/1.1" 200 11751 "http://www.goldengatetennisclub.org/" "Mozilla/5.0 (Windows; U; Windows NT 5.1; en-US; rv:1.9.2.9) Gecko/20100824 Firefox/3.6.9"
69.181.205.163 - - [05/Mar/2011:14:42:23 -0800] "GET /rw_common/themes/lino/styles.css HTTP/1.1" 200 15481 "http://www.goldengatetennisclub.org/" "Mozilla/5.0 (Windows; U; Windows NT 5.1; en-US; rv:1.9.2.9) Gecko/20100824 Firefox/3.6.9"
69.181.205.163 - - [05/Mar/2011:14:42:23 -0800] "GET /rw_common/themes/lino/css/width/fluid.css HTTP/1.1" 200 562 "http://www.goldengatetennisclub.org/" "Mozilla/5.0 (Windows; U; Windows NT 5.1; en-US; rv:1.9.2.9) Gecko/20100824 Firefox/3.6.9"
69.181.205.163 - - [05/Mar/2011:14:42:23 -0800] "GET /rw_common/themes/lino/css/header/height/160px.css HTTP/1.1" 200 103 "http://www.goldengatetennisclub.org/" "Mozilla/5.0 (Windows; U; Windows NT 5.1; en-US; rv:1.9.2.9) Gecko/20100824 Firefox/3.6.9"
69.181.205.163 - - [05/Mar/2011:14:42:24 -0800] "GET /rw_common/themes/lino/css/sidebar/hide.css HTTP/1.1" 200 98 "http://www.goldengatetennisclub.org/" "Mozilla/5.0 (Windows; U; Windows NT 5.1; en-US; rv:1.9.2.9) Gecko/20100824 Firefox/3.6.9"
69.181.205.163 - - [05/Mar/2011:14:42:24 -0800] "GET /rw_common/themes/lino/css/thumbnailframe/show.css HTTP/1.1" 200 0 "http://www.goldengatetennisclub.org/" "Mozilla/5.0 (Windows; U; Windows NT 5.1; en-US; rv:1.9.2.9) Gecko/20100824 Firefox/3.6.9"
69.181.205.163 - - [05/Mar/2011:14:42:24 -0800] "GET /rw_common/themes/lino/css/fontfamily/gillsans.css HTTP/1.1" 200 114 "http://www.goldengatetennisclub.org/" "Mozilla/5.0 (Windows; U; Windows NT 5.1; en-US; rv:1.9.2.9) Gecko/20100824 Firefox/3.6.9"
69.181.205.163 - - [05/Mar/2011:14:42:24 -0800] "GET /rw_common/themes/lino/css/fontsize/medium.css HTTP/1.1" 200 27 "http://www.goldengatetennisclub.org/" "Mozilla/5.0 (Windows; U; Windows NT 5.1; en-US; rv:1.9.2.9) Gecko/20100824 Firefox/3.6.9"
69.181.205.163 - - [05/Mar/2011:14:42:24 -0800] "GET /rw_common/themes/lino/css/navbar_transparency/transparent.css HTTP/1.1" 200 347 "http://www.goldengatetennisclub.org/" "Mozilla/5.0 (Windows; U; Windows NT 5.1; en-US; rv:1.9.2.9) Gecko/20100824 Firefox/3.6.9"
69.181.205.163 - - [05/Mar/2011:14:42:24 -0800] "GET /rw_common/themes/lino/css/shadow/show.css HTTP/1.1" 200 136 "http://www.goldengatetennisclub.org/" "Mozilla/5.0 (Windows; U; Windows NT 5.1; en-US; rv:1.9.2.9) Gecko/20100824 Firefox/3.6.9"
69.181.205.163 - - [05/Mar/2011:14:42:24 -0800] "GET /rw_common/themes/lino/css/header/image/image10.css HTTP/1.1" 200 75 "http://www.goldengatetennisclub.org/" "Mozilla/5.0 (Windows; U; Windows NT 5.1; en-US; rv:1.9.2.9) Gecko/20100824 Firefox/3.6.9"
69.181.205.163 - - [05/Mar/2011:14:42:24 -0800] "GET /rw_common/themes/lino/css/image_size/noresize.css HTTP/1.1" 200 51 "http://www.goldengatetennisclub.org/" "Mozilla/5.0 (Windows; U; Windows NT 5.1; en-US; rv:1.9.2.9) Gecko/20100824 Firefox/3.6.9"
69.181.205.163 - - [05/Mar/2011:14:42:24 -0800] "GET /rw_common/themes/lino/css/defaults/none.css HTTP/1.1" 200 0 "http://www.goldengatetennisclub.org/" "Mozilla/5.0 (Windows; U; Windows NT 5.1; en-US; rv:1.9.2.9) Gecko/20100824 Firefox/3.6.9"
69.181.205.163 - - [05/Mar/2011:14:42:24 -0800] "GET /rw_common/themes/lino/colourtag-page0.css HTTP/1.1" 200 2947 "http://www.goldengatetennisclub.org/" "Mozilla/5.0 (Windows; U; Windows NT 5.1; en-US; rv:1.9.2.9) Gecko/20100824 Firefox/3.6.9"
69.181.205.163 - - [05/Mar/2011:14:42:24 -0800] "GET /rw_common/themes/lino/css/top_bottom_transparency/transparent.css HTTP/1.1" 200 255 "http://www.goldengatetennisclub.org/" "Mozilla/5.0 (Windows; U; Windows NT 5.1; en-US; rv:1.9.2.9) Gecko/20100824 Firefox/3.6.9"
69.181.205.163 - - [05/Mar/2011:14:42:24 -0800] "GET /files/page0_2.gif HTTP/1.1" 200 3437 "http://www.goldengatetennisclub.org/" "Mozilla/5.0 (Windows; U; Windows NT 5.1; en-US; rv:1.9.2.9) Gecko/20100824 Firefox/3.6.9"
69.181.205.163 - - [05/Mar/2011:14:42:24 -0800] "GET /files/page0_3.jpg HTTP/1.1" 200 8551 "http://www.goldengatetennisclub.org/" "Mozilla/5.0 (Windows; U; Windows NT 5.1; en-US; rv:1.9.2.9) Gecko/20100824 Firefox/3.6.9"
69.181.205.163 - - [05/Mar/2011:14:42:24 -0800] "GET /files/page0_1.jpg HTTP/1.1" 200 136305 "http://www.goldengatetennisclub.org/" "Mozilla/5.0 (Windows; U; Windows NT 5.1; en-US; rv:1.9.2.9) Gecko/20100824 Firefox/3.6.9"
69.181.205.163 - - [05/Mar/2011:14:42:25 -0800] "GET /rw_common/themes/lino/images/shadow/left.png HTTP/1.1" 200 1394 "http://www.goldengatetennisclub.org/rw_common/themes/lino/css/shadow/show.css" "Mozilla/5.0 (Windows; U; Windows NT 5.1; en-US; rv:1.9.2.9) Gecko/20100824 Firefox/3.6.9"
69.181.205.163 - - [05/Mar/2011:14:42:25 -0800] "GET /rw_common/themes/lino/images/shadow/right.png HTTP/1.1" 200 1429 "http://www.goldengatetennisclub.org/rw_common/themes/lino/css/shadow/show.css" "Mozilla/5.0 (Windows; U; Windows NT 5.1; en-US; rv:1.9.2.9) Gecko/20100824 Firefox/3.6.9"
69.181.205.163 - - [05/Mar/2011:14:42:26 -0800] "GET /rw_common/themes/lino/images/header/image10.jpg HTTP/1.1" 200 50345 "http://www.goldengatetennisclub.org/rw_common/themes/lino/css/header/image/image10.css" "Mozilla/5.0 (Windows; U; Windows NT 5.1; en-US; rv:1.9.2.9) Gecko/20100824 Firefox/3.6.9"
69.181.205.163 - - [05/Mar/2011:14:42:26 -0800] "GET /rw_common/themes/lino/greybox/w_close.gif HTTP/1.1" 200 74 "http://www.goldengatetennisclub.org/" "Mozilla/5.0 (Windows; U; Windows NT 5.1; en-US; rv:1.9.2.9) Gecko/20100824 Firefox/3.6.9"
69.181.205.163 - - [05/Mar/2011:14:42:26 -0800] "GET /rw_common/themes/lino/greybox/g_close.gif HTTP/1.1" 200 541 "http://www.goldengatetennisclub.org/" "Mozilla/5.0 (Windows; U; Windows NT 5.1; en-US; rv:1.9.2.9) Gecko/20100824 Firefox/3.6.9"
69.181.205.163 - - [05/Mar/2011:14:42:26 -0800] "GET /rw_common/themes/lino/greybox/header_bg.gif HTTP/1.1" 200 1188 "http://www.goldengatetennisclub.org/" "Mozilla/5.0 (Windows; U; Windows NT 5.1; en-US; rv:1.9.2.9) Gecko/20100824 Firefox/3.6.9"
69.181.205.163 - - [05/Mar/2011:14:42:26 -0800] "GET /rw_common/themes/lino/greybox/indicator.gif HTTP/1.1" 200 8238 "http://www.goldengatetennisclub.org/" "Mozilla/5.0 (Windows; U; Windows NT 5.1; en-US; rv:1.9.2.9) Gecko/20100824 Firefox/3.6.9"
69.181.205.163 - - [05/Mar/2011:14:42:26 -0800] "GET /favicon.ico HTTP/1.1" 404 217 "-" "Mozilla/5.0 (Windows; U; Windows NT 5.1; en-US; rv:1.9.2.9) Gecko/20100824 Firefox/3.6.9"
69.181.205.163 - - [05/Mar/2011:14:42:29 -0800] "GET /favicon.ico HTTP/1.1" 404 217 "-" "Mozilla/5.0 (Windows; U; Windows NT 5.1; en-US; rv:1.9.2.9) Gecko/20100824 Firefox/3.6.9"
69.181.196.239 - - [05/Mar/2011:14:42:56 -0800] "GET /page5/page5.html HTTP/1.1" 200 18273 "http://www.goldengatetennisclub.org/page4/page4.html" "Mozilla/5.0 (Macintosh; U; Intel Mac OS X 10.5; en-US; rv:1.9.2.13) Gecko/20101203 Firefox/3.6.13"
69.181.196.239 - - [05/Mar/2011:14:42:56 -0800] "GET /rw_common/themes/lino/colourtag-page5.css HTTP/1.1" 200 2947 "http://www.goldengatetennisclub.org/page5/page5.html" "Mozilla/5.0 (Macintosh; U; Intel Mac OS X 10.5; en-US; rv:1.9.2.13) Gecko/20101203 Firefox/3.6.13"
69.181.196.239 - - [05/Mar/2011:14:42:56 -0800] "GET /page5/files/page5-1001-thumb.jpg HTTP/1.1" 200 10584 "http://www.goldengatetennisclub.org/page5/page5.html" "Mozilla/5.0 (Macintosh; U; Intel Mac OS X 10.5; en-US; rv:1.9.2.13) Gecko/20101203 Firefox/3.6.13"
69.181.196.239 - - [05/Mar/2011:14:42:56 -0800] "GET /page5/files/page5-1003-thumb.jpg HTTP/1.1" 200 10076 "http://www.goldengatetennisclub.org/page5/page5.html" "Mozilla/5.0 (Macintosh; U; Intel Mac OS X 10.5; en-US; rv:1.9.2.13) Gecko/20101203 Firefox/3.6.13"
69.181.196.239 - - [05/Mar/2011:14:42:56 -0800] "GET /page5/files/page5-1004-thumb.jpg HTTP/1.1" 200 11867 "http://www.goldengatetennisclub.org/page5/page5.html" "Mozilla/5.0 (Macintosh; U; Intel Mac OS X 10.5; en-US; rv:1.9.2.13) Gecko/20101203 Firefox/3.6.13"
69.181.196.239 - - [05/Mar/2011:14:42:56 -0800] "GET /page5/files/page5-1002-thumb.jpg HTTP/1.1" 200 7427 "http://www.goldengatetennisclub.org/page5/page5.html" "Mozilla/5.0 (Macintosh; U; Intel Mac OS X 10.5; en-US; rv:1.9.2.13) Gecko/20101203 Firefox/3.6.13"
69.181.196.239 - - [05/Mar/2011:14:42:56 -0800] "GET /page5/files/page5-1005-thumb.jpg HTTP/1.1" 200 9880 "http://www.goldengatetennisclub.org/page5/page5.html" "Mozilla/5.0 (Macintosh; U; Intel Mac OS X 10.5; en-US; rv:1.9.2.13) Gecko/20101203 Firefox/3.6.13"
69.181.196.239 - - [05/Mar/2011:14:42:56 -0800] "GET /page5/files/page5-1000-thumb.jpg HTTP/1.1" 200 12225 "http://www.goldengatetennisclub.org/page5/page5.html" "Mozilla/5.0 (Macintosh; U; Intel Mac OS X 10.5; en-US; rv:1.9.2.13) Gecko/20101203 Firefox/3.6.13"
69.181.196.239 - - [05/Mar/2011:14:42:56 -0800] "GET /page5/files/page5-1007-thumb.jpg HTTP/1.1" 200 8274 "http://www.goldengatetennisclub.org/page5/page5.html" "Mozilla/5.0 (Macintosh; U; Intel Mac OS X 10.5; en-US; rv:1.9.2.13) Gecko/20101203 Firefox/3.6.13"
69.181.196.239 - - [05/Mar/2011:14:42:56 -0800] "GET /page5/files/page5-1006-thumb.jpg HTTP/1.1" 200 13661 "http://www.goldengatetennisclub.org/page5/page5.html" "Mozilla/5.0 (Macintosh; U; Intel Mac OS X 10.5; en-US; rv:1.9.2.13) Gecko/20101203 Firefox/3.6.13"
69.181.196.239 - - [05/Mar/2011:14:42:56 -0800] "GET /page5/files/page5-1008-thumb.jpg HTTP/1.1" 200 7560 "http://www.goldengatetennisclub.org/page5/page5.html" "Mozilla/5.0 (Macintosh; U; Intel Mac OS X 10.5; en-US; rv:1.9.2.13) Gecko/20101203 Firefox/3.6.13"
69.181.196.239 - - [05/Mar/2011:14:42:56 -0800] "GET /page5/files/page5-1009-thumb.jpg HTTP/1.1" 200 10438 "http://www.goldengatetennisclub.org/page5/page5.html" "Mozilla/5.0 (Macintosh; U; Intel Mac OS X 10.5; en-US; rv:1.9.2.13) Gecko/20101203 Firefox/3.6.13"
69.181.196.239 - - [05/Mar/2011:14:42:57 -0800] "GET /page5/files/page5-1010-thumb.jpg HTTP/1.1" 200 13082 "http://www.goldengatetennisclub.org/page5/page5.html" "Mozilla/5.0 (Macintosh; U; Intel Mac OS X 10.5; en-US; rv:1.9.2.13) Gecko/20101203 Firefox/3.6.13"
69.181.196.239 - - [05/Mar/2011:14:42:57 -0800] "GET /page5/files/page5-1011-thumb.jpg HTTP/1.1" 200 11939 "http://www.goldengatetennisclub.org/page5/page5.html" "Mozilla/5.0 (Macintosh; U; Intel Mac OS X 10.5; en-US; rv:1.9.2.13) Gecko/20101203 Firefox/3.6.13"
69.181.196.239 - - [05/Mar/2011:14:42:57 -0800] "GET /page5/files/page5-1013-thumb.jpg HTTP/1.1" 200 12551 "http://www.goldengatetennisclub.org/page5/page5.html" "Mozilla/5.0 (Macintosh; U; Intel Mac OS X 10.5; en-US; rv:1.9.2.13) Gecko/20101203 Firefox/3.6.13"
69.181.196.239 - - [05/Mar/2011:14:42:57 -0800] "GET /page5/files/page5-1012-thumb.jpg HTTP/1.1" 200 12116 "http://www.goldengatetennisclub.org/page5/page5.html" "Mozilla/5.0 (Macintosh; U; Intel Mac OS X 10.5; en-US; rv:1.9.2.13) Gecko/20101203 Firefox/3.6.13"
69.181.196.239 - - [05/Mar/2011:14:42:57 -0800] "GET /page5/files/page5-1016-thumb.jpg HTTP/1.1" 200 11525 "http://www.goldengatetennisclub.org/page5/page5.html" "Mozilla/5.0 (Macintosh; U; Intel Mac OS X 10.5; en-US; rv:1.9.2.13) Gecko/20101203 Firefox/3.6.13"
69.181.196.239 - - [05/Mar/2011:14:42:57 -0800] "GET /page5/files/page5-1017-thumb.jpg HTTP/1.1" 200 11079 "http://www.goldengatetennisclub.org/page5/page5.html" "Mozilla/5.0 (Macintosh; U; Intel Mac OS X 10.5; en-US; rv:1.9.2.13) Gecko/20101203 Firefox/3.6.13"
69.181.196.239 - - [05/Mar/2011:14:42:57 -0800] "GET /page5/files/page5-1014-thumb.jpg HTTP/1.1" 200 11678 "http://www.goldengatetennisclub.org/page5/page5.html" "Mozilla/5.0 (Macintosh; U; Intel Mac OS X 10.5; en-US; rv:1.9.2.13) Gecko/20101203 Firefox/3.6.13"
69.181.196.239 - - [05/Mar/2011:14:42:57 -0800] "GET /page5/files/page5-1018-thumb.jpg HTTP/1.1" 200 13313 "http://www.goldengatetennisclub.org/page5/page5.html" "Mozilla/5.0 (Macintosh; U; Intel Mac OS X 10.5; en-US; rv:1.9.2.13) Gecko/20101203 Firefox/3.6.13"
69.181.196.239 - - [05/Mar/2011:14:42:57 -0800] "GET /page5/files/page5-1019-thumb.jpg HTTP/1.1" 200 10777 "http://www.goldengatetennisclub.org/page5/page5.html" "Mozilla/5.0 (Macintosh; U; Intel Mac OS X 10.5; en-US; rv:1.9.2.13) Gecko/20101203 Firefox/3.6.13"
69.181.196.239 - - [05/Mar/2011:14:42:57 -0800] "GET /page5/files/page5-1015-thumb.jpg HTTP/1.1" 200 12231 "http://www.goldengatetennisclub.org/page5/page5.html" "Mozilla/5.0 (Macintosh; U; Intel Mac OS X 10.5; en-US; rv:1.9.2.13) Gecko/20101203 Firefox/3.6.13"
69.181.196.239 - - [05/Mar/2011:14:42:57 -0800] "GET /page5/files/page5-1020-thumb.jpg HTTP/1.1" 200 13207 "http://www.goldengatetennisclub.org/page5/page5.html" "Mozilla/5.0 (Macintosh; U; Intel Mac OS X 10.5; en-US; rv:1.9.2.13) Gecko/20101203 Firefox/3.6.13"
69.181.196.239 - - [05/Mar/2011:14:42:57 -0800] "GET /favicon.ico HTTP/1.1" 404 217 "-" "Mozilla/5.0 (Macintosh; U; Intel Mac OS X 10.5; en-US; rv:1.9.2.13) Gecko/20101203 Firefox/3.6.13"
69.181.196.239 - - [05/Mar/2011:14:43:01 -0800] "GET /page5/files/page5-1005-full.html HTTP/1.1" 200 2315 "http://www.goldengatetennisclub.org/page5/page5.html" "Mozilla/5.0 (Macintosh; U; Intel Mac OS X 10.5; en-US; rv:1.9.2.13) Gecko/20101203 Firefox/3.6.13"
69.181.196.239 - - [05/Mar/2011:14:43:02 -0800] "GET /page5/files/page5-1005-full.jpg HTTP/1.1" 200 77166 "http://www.goldengatetennisclub.org/page5/files/page5-1005-full.html" "Mozilla/5.0 (Macintosh; U; Intel Mac OS X 10.5; en-US; rv:1.9.2.13) Gecko/20101203 Firefox/3.6.13"
69.181.196.239 - - [05/Mar/2011:14:43:02 -0800] "GET /favicon.ico HTTP/1.1" 404 217 "-" "Mozilla/5.0 (Macintosh; U; Intel Mac OS X 10.5; en-US; rv:1.9.2.13) Gecko/20101203 Firefox/3.6.13"
69.181.205.163 - - [05/Mar/2011:14:43:06 -0800] "GET /page1/page1.html HTTP/1.1" 200 9795 "http://www.goldengatetennisclub.org/" "Mozilla/5.0 (Windows; U; Windows NT 5.1; en-US; rv:1.9.2.9) Gecko/20100824 Firefox/3.6.9"
69.181.205.163 - - [05/Mar/2011:14:43:07 -0800] "GET /rw_common/themes/lino/colourtag-page1.css HTTP/1.1" 200 2947 "http://www.goldengatetennisclub.org/page1/page1.html" "Mozilla/5.0 (Windows; U; Windows NT 5.1; en-US; rv:1.9.2.9) Gecko/20100824 Firefox/3.6.9"
69.181.205.163 - - [05/Mar/2011:14:43:07 -0800] "GET /page1/files/page1_1.jpg HTTP/1.1" 200 44048 "http://www.goldengatetennisclub.org/page1/page1.html" "Mozilla/5.0 (Windows; U; Windows NT 5.1; en-US; rv:1.9.2.9) Gecko/20100824 Firefox/3.6.9"
69.181.196.239 - - [05/Mar/2011:14:43:12 -0800] "GET /favicon.ico HTTP/1.1" 404 217 "-" "Mozilla/5.0 (Macintosh; U; Intel Mac OS X 10.5; en-US; rv:1.9.2.13) Gecko/20101203 Firefox/3.6.13"
69.181.196.239 - - [05/Mar/2011:14:43:13 -0800] "GET /page5/files/page5-1002-full.html HTTP/1.1" 200 2302 "http://www.goldengatetennisclub.org/page5/page5.html" "Mozilla/5.0 (Macintosh; U; Intel Mac OS X 10.5; en-US; rv:1.9.2.13) Gecko/20101203 Firefox/3.6.13"
69.181.196.239 - - [05/Mar/2011:14:43:14 -0800] "GET /page5/files/page5-1002-full.jpg HTTP/1.1" 200 42364 "http://www.goldengatetennisclub.org/page5/files/page5-1002-full.html" "Mozilla/5.0 (Macintosh; U; Intel Mac OS X 10.5; en-US; rv:1.9.2.13) Gecko/20101203 Firefox/3.6.13"
69.181.196.239 - - [05/Mar/2011:14:43:14 -0800] "GET /favicon.ico HTTP/1.1" 404 217 "-" "Mozilla/5.0 (Macintosh; U; Intel Mac OS X 10.5; en-US; rv:1.9.2.13) Gecko/20101203 Firefox/3.6.13"
69.181.205.163 - - [05/Mar/2011:14:43:16 -0800] "GET /page2/page2.html HTTP/1.1" 200 11383 "http://www.goldengatetennisclub.org/page1/page1.html" "Mozilla/5.0 (Windows; U; Windows NT 5.1; en-US; rv:1.9.2.9) Gecko/20100824 Firefox/3.6.9"
69.181.205.163 - - [05/Mar/2011:14:43:16 -0800] "GET /rw_common/themes/lino/colourtag-page2.css HTTP/1.1" 200 2947 "http://www.goldengatetennisclub.org/page2/page2.html" "Mozilla/5.0 (Windows; U; Windows NT 5.1; en-US; rv:1.9.2.9) Gecko/20100824 Firefox/3.6.9"
69.181.196.239 - - [05/Mar/2011:14:43:23 -0800] "GET /favicon.ico HTTP/1.1" 404 217 "-" "Mozilla/5.0 (Macintosh; U; Intel Mac OS X 10.5; en-US; rv:1.9.2.13) Gecko/20101203 Firefox/3.6.13"
69.181.196.239 - - [05/Mar/2011:14:43:25 -0800] "GET /page5/files/page5-1000-full.html HTTP/1.1" 200 2256 "http://www.goldengatetennisclub.org/page5/page5.html" "Mozilla/5.0 (Macintosh; U; Intel Mac OS X 10.5; en-US; rv:1.9.2.13) Gecko/20101203 Firefox/3.6.13"
69.181.196.239 - - [05/Mar/2011:14:43:26 -0800] "GET /page5/files/page5-1000-full.jpg HTTP/1.1" 200 123200 "http://www.goldengatetennisclub.org/page5/files/page5-1000-full.html" "Mozilla/5.0 (Macintosh; U; Intel Mac OS X 10.5; en-US; rv:1.9.2.13) Gecko/20101203 Firefox/3.6.13"
69.181.196.239 - - [05/Mar/2011:14:43:27 -0800] "GET /favicon.ico HTTP/1.1" 404 217 "-" "Mozilla/5.0 (Macintosh; U; Intel Mac OS X 10.5; en-US; rv:1.9.2.13) Gecko/20101203 Firefox/3.6.13"
69.181.196.239 - - [05/Mar/2011:14:43:30 -0800] "GET /favicon.ico HTTP/1.1" 404 217 "-" "Mozilla/5.0 (Macintosh; U; Intel Mac OS X 10.5; en-US; rv:1.9.2.13) Gecko/20101203 Firefox/3.6.13"
69.181.196.239 - - [05/Mar/2011:14:43:32 -0800] "GET /page5/files/page5-1001-full.html HTTP/1.1" 200 2302 "http://www.goldengatetennisclub.org/page5/page5.html" "Mozilla/5.0 (Macintosh; U; Intel Mac OS X 10.5; en-US; rv:1.9.2.13) Gecko/20101203 Firefox/3.6.13"
69.181.196.239 - - [05/Mar/2011:14:43:32 -0800] "GET /page5/files/page5-1001-full.jpg HTTP/1.1" 200 89119 "http://www.goldengatetennisclub.org/page5/files/page5-1001-full.html" "Mozilla/5.0 (Macintosh; U; Intel Mac OS X 10.5; en-US; rv:1.9.2.13) Gecko/20101203 Firefox/3.6.13"
69.181.196.239 - - [05/Mar/2011:14:43:32 -0800] "GET /favicon.ico HTTP/1.1" 404 217 "-" "Mozilla/5.0 (Macintosh; U; Intel Mac OS X 10.5; en-US; rv:1.9.2.13) Gecko/20101203 Firefox/3.6.13"
69.181.196.239 - - [05/Mar/2011:14:43:35 -0800] "GET /favicon.ico HTTP/1.1" 404 217 "-" "Mozilla/5.0 (Macintosh; U; Intel Mac OS X 10.5; en-US; rv:1.9.2.13) Gecko/20101203 Firefox/3.6.13"
69.181.196.239 - - [05/Mar/2011:14:43:36 -0800] "GET /page5/files/page5-1003-full.html HTTP/1.1" 200 2302 "http://www.goldengatetennisclub.org/page5/page5.html" "Mozilla/5.0 (Macintosh; U; Intel Mac OS X 10.5; en-US; rv:1.9.2.13) Gecko/20101203 Firefox/3.6.13"
69.181.196.239 - - [05/Mar/2011:14:43:37 -0800] "GET /page5/files/page5-1003-full.jpg HTTP/1.1" 200 108359 "http://www.goldengatetennisclub.org/page5/files/page5-1003-full.html" "Mozilla/5.0 (Macintosh; U; Intel Mac OS X 10.5; en-US; rv:1.9.2.13) Gecko/20101203 Firefox/3.6.13"
69.181.196.239 - - [05/Mar/2011:14:43:37 -0800] "GET /favicon.ico HTTP/1.1" 404 217 "-" "Mozilla/5.0 (Macintosh; U; Intel Mac OS X 10.5; en-US; rv:1.9.2.13) Gecko/20101203 Firefox/3.6.13"
69.181.196.239 - - [05/Mar/2011:14:43:46 -0800] "GET /favicon.ico HTTP/1.1" 404 217 "-" "Mozilla/5.0 (Macintosh; U; Intel Mac OS X 10.5; en-US; rv:1.9.2.13) Gecko/20101203 Firefox/3.6.13"
69.181.196.239 - - [05/Mar/2011:14:43:47 -0800] "GET /page5/files/page5-1004-full.html HTTP/1.1" 200 2302 "http://www.goldengatetennisclub.org/page5/page5.html" "Mozilla/5.0 (Macintosh; U; Intel Mac OS X 10.5; en-US; rv:1.9.2.13) Gecko/20101203 Firefox/3.6.13"
69.181.196.239 - - [05/Mar/2011:14:43:48 -0800] "GET /page5/files/page5-1004-full.jpg HTTP/1.1" 200 123760 "http://www.goldengatetennisclub.org/page5/files/page5-1004-full.html" "Mozilla/5.0 (Macintosh; U; Intel Mac OS X 10.5; en-US; rv:1.9.2.13) Gecko/20101203 Firefox/3.6.13"
69.181.196.239 - - [05/Mar/2011:14:43:48 -0800] "GET /favicon.ico HTTP/1.1" 404 217 "-" "Mozilla/5.0 (Macintosh; U; Intel Mac OS X 10.5; en-US; rv:1.9.2.13) Gecko/20101203 Firefox/3.6.13"
69.181.196.239 - - [05/Mar/2011:14:43:51 -0800] "GET /favicon.ico HTTP/1.1" 404 217 "-" "Mozilla/5.0 (Macintosh; U; Intel Mac OS X 10.5; en-US; rv:1.9.2.13) Gecko/20101203 Firefox/3.6.13"
69.181.192.92 - - [05/Mar/2011:14:43:51 -0800] "GET / HTTP/1.1" 200 14475 "http://www.google.com/url?sa=t&source=web&cd=3&ved=0CDIQFjAC&url=http%3A%2F%2Fwww.goldengatetennisclub.org%2F&rct=j&q=tennis%20san%20francisco%20bay%20area&ei=QbxyTYjHL4GssAPJ9ujHCw&usg=AFQjCNEKcoaUpp0RdWWVYMy4KAyBiVL2Iw" "Mozilla/4.0 (compatible; MSIE 8.0; Windows NT 6.0; Trident/4.0; GTB6.6; SLCC1; .NET CLR 2.0.50727; Media Center PC 5.0; .NET CLR 3.5.30729; .NET CLR 3.0.30618; .NET CLR 1.1.4322; .NET4.0C)"
69.181.192.92 - - [05/Mar/2011:14:43:52 -0800] "GET /rw_common/themes/lino/greybox/AJS.js HTTP/1.1" 200 10652 "http://www.goldengatetennisclub.org/" "Mozilla/4.0 (compatible; MSIE 8.0; Windows NT 6.0; Trident/4.0; GTB6.6; SLCC1; .NET CLR 2.0.50727; Media Center PC 5.0; .NET CLR 3.5.30729; .NET CLR 3.0.30618; .NET CLR 1.1.4322; .NET4.0C)"
69.181.192.92 - - [05/Mar/2011:14:43:52 -0800] "GET /rw_common/themes/lino/greybox/AJS_fx.js HTTP/1.1" 200 3156 "http://www.goldengatetennisclub.org/" "Mozilla/4.0 (compatible; MSIE 8.0; Windows NT 6.0; Trident/4.0; GTB6.6; SLCC1; .NET CLR 2.0.50727; Media Center PC 5.0; .NET CLR 3.5.30729; .NET CLR 3.0.30618; .NET CLR 1.1.4322; .NET4.0C)"
69.181.196.239 - - [05/Mar/2011:14:43:53 -0800] "GET /page5/files/page5-1006-full.html HTTP/1.1" 200 2298 "http://www.goldengatetennisclub.org/page5/page5.html" "Mozilla/5.0 (Macintosh; U; Intel Mac OS X 10.5; en-US; rv:1.9.2.13) Gecko/20101203 Firefox/3.6.13"
69.181.192.92 - - [05/Mar/2011:14:43:53 -0800] "GET /rw_common/themes/lino/greybox/gb_scripts.js HTTP/1.1" 200 11751 "http://www.goldengatetennisclub.org/" "Mozilla/4.0 (compatible; MSIE 8.0; Windows NT 6.0; Trident/4.0; GTB6.6; SLCC1; .NET CLR 2.0.50727; Media Center PC 5.0; .NET CLR 3.5.30729; .NET CLR 3.0.30618; .NET CLR 1.1.4322; .NET4.0C)"
69.181.192.92 - - [05/Mar/2011:14:43:53 -0800] "GET /rw_common/themes/lino/javascript.js HTTP/1.1" 200 14882 "http://www.goldengatetennisclub.org/" "Mozilla/4.0 (compatible; MSIE 8.0; Windows NT 6.0; Trident/4.0; GTB6.6; SLCC1; .NET CLR 2.0.50727; Media Center PC 5.0; .NET CLR 3.5.30729; .NET CLR 3.0.30618; .NET CLR 1.1.4322; .NET4.0C)"
69.181.196.239 - - [05/Mar/2011:14:43:53 -0800] "GET /page5/files/page5-1006-full.jpg HTTP/1.1" 200 119918 "http://www.goldengatetennisclub.org/page5/files/page5-1006-full.html" "Mozilla/5.0 (Macintosh; U; Intel Mac OS X 10.5; en-US; rv:1.9.2.13) Gecko/20101203 Firefox/3.6.13"
69.181.196.239 - - [05/Mar/2011:14:43:53 -0800] "GET /favicon.ico HTTP/1.1" 404 217 "-" "Mozilla/5.0 (Macintosh; U; Intel Mac OS X 10.5; en-US; rv:1.9.2.13) Gecko/20101203 Firefox/3.6.13"
69.181.192.92 - - [05/Mar/2011:14:43:54 -0800] "GET /rw_common/themes/lino/greybox/gb_styles.css HTTP/1.1" 200 2302 "http://www.goldengatetennisclub.org/" "Mozilla/4.0 (compatible; MSIE 8.0; Windows NT 6.0; Trident/4.0; GTB6.6; SLCC1; .NET CLR 2.0.50727; Media Center PC 5.0; .NET CLR 3.5.30729; .NET CLR 3.0.30618; .NET CLR 1.1.4322; .NET4.0C)"
69.181.192.92 - - [05/Mar/2011:14:43:54 -0800] "GET /rw_common/themes/lino/css/width/fluid.css HTTP/1.1" 200 562 "http://www.goldengatetennisclub.org/" "Mozilla/4.0 (compatible; MSIE 8.0; Windows NT 6.0; Trident/4.0; GTB6.6; SLCC1; .NET CLR 2.0.50727; Media Center PC 5.0; .NET CLR 3.5.30729; .NET CLR 3.0.30618; .NET CLR 1.1.4322; .NET4.0C)"
69.181.192.92 - - [05/Mar/2011:14:43:54 -0800] "GET /rw_common/themes/lino/css/fontfamily/gillsans.css HTTP/1.1" 200 114 "http://www.goldengatetennisclub.org/" "Mozilla/4.0 (compatible; MSIE 8.0; Windows NT 6.0; Trident/4.0; GTB6.6; SLCC1; .NET CLR 2.0.50727; Media Center PC 5.0; .NET CLR 3.5.30729; .NET CLR 3.0.30618; .NET CLR 1.1.4322; .NET4.0C)"
69.181.192.92 - - [05/Mar/2011:14:43:54 -0800] "GET /rw_common/themes/lino/css/sidebar/hide.css HTTP/1.1" 200 98 "http://www.goldengatetennisclub.org/" "Mozilla/4.0 (compatible; MSIE 8.0; Windows NT 6.0; Trident/4.0; GTB6.6; SLCC1; .NET CLR 2.0.50727; Media Center PC 5.0; .NET CLR 3.5.30729; .NET CLR 3.0.30618; .NET CLR 1.1.4322; .NET4.0C)"
69.181.192.92 - - [05/Mar/2011:14:43:54 -0800] "GET /rw_common/themes/lino/css/header/height/160px.css HTTP/1.1" 200 103 "http://www.goldengatetennisclub.org/" "Mozilla/4.0 (compatible; MSIE 8.0; Windows NT 6.0; Trident/4.0; GTB6.6; SLCC1; .NET CLR 2.0.50727; Media Center PC 5.0; .NET CLR 3.5.30729; .NET CLR 3.0.30618; .NET CLR 1.1.4322; .NET4.0C)"
69.181.192.92 - - [05/Mar/2011:14:43:54 -0800] "GET /rw_common/themes/lino/styles.css HTTP/1.1" 200 15481 "http://www.goldengatetennisclub.org/" "Mozilla/4.0 (compatible; MSIE 8.0; Windows NT 6.0; Trident/4.0; GTB6.6; SLCC1; .NET CLR 2.0.50727; Media Center PC 5.0; .NET CLR 3.5.30729; .NET CLR 3.0.30618; .NET CLR 1.1.4322; .NET4.0C)"
69.181.192.92 - - [05/Mar/2011:14:43:54 -0800] "GET /rw_common/themes/lino/css/navbar_transparency/transparent.css HTTP/1.1" 200 347 "http://www.goldengatetennisclub.org/" "Mozilla/4.0 (compatible; MSIE 8.0; Windows NT 6.0; Trident/4.0; GTB6.6; SLCC1; .NET CLR 2.0.50727; Media Center PC 5.0; .NET CLR 3.5.30729; .NET CLR 3.0.30618; .NET CLR 1.1.4322; .NET4.0C)"
69.181.192.92 - - [05/Mar/2011:14:43:54 -0800] "GET /rw_common/themes/lino/css/top_bottom_transparency/transparent.css HTTP/1.1" 200 255 "http://www.goldengatetennisclub.org/" "Mozilla/4.0 (compatible; MSIE 8.0; Windows NT 6.0; Trident/4.0; GTB6.6; SLCC1; .NET CLR 2.0.50727; Media Center PC 5.0; .NET CLR 3.5.30729; .NET CLR 3.0.30618; .NET CLR 1.1.4322; .NET4.0C)"
69.181.192.92 - - [05/Mar/2011:14:43:54 -0800] "GET /rw_common/themes/lino/print.css HTTP/1.1" 200 3753 "http://www.goldengatetennisclub.org/" "Mozilla/4.0 (compatible; MSIE 8.0; Windows NT 6.0; Trident/4.0; GTB6.6; SLCC1; .NET CLR 2.0.50727; Media Center PC 5.0; .NET CLR 3.5.30729; .NET CLR 3.0.30618; .NET CLR 1.1.4322; .NET4.0C)"
69.181.192.92 - - [05/Mar/2011:14:43:54 -0800] "GET /rw_common/themes/lino/css/thumbnailframe/show.css HTTP/1.1" 200 0 "http://www.goldengatetennisclub.org/" "Mozilla/4.0 (compatible; MSIE 8.0; Windows NT 6.0; Trident/4.0; GTB6.6; SLCC1; .NET CLR 2.0.50727; Media Center PC 5.0; .NET CLR 3.5.30729; .NET CLR 3.0.30618; .NET CLR 1.1.4322; .NET4.0C)"
69.181.192.92 - - [05/Mar/2011:14:43:54 -0800] "GET /rw_common/themes/lino/css/defaults/none.css HTTP/1.1" 200 0 "http://www.goldengatetennisclub.org/" "Mozilla/4.0 (compatible; MSIE 8.0; Windows NT 6.0; Trident/4.0; GTB6.6; SLCC1; .NET CLR 2.0.50727; Media Center PC 5.0; .NET CLR 3.5.30729; .NET CLR 3.0.30618; .NET CLR 1.1.4322; .NET4.0C)"
69.181.192.92 - - [05/Mar/2011:14:43:54 -0800] "GET /rw_common/themes/lino/css/fontsize/medium.css HTTP/1.1" 200 27 "http://www.goldengatetennisclub.org/" "Mozilla/4.0 (compatible; MSIE 8.0; Windows NT 6.0; Trident/4.0; GTB6.6; SLCC1; .NET CLR 2.0.50727; Media Center PC 5.0; .NET CLR 3.5.30729; .NET CLR 3.0.30618; .NET CLR 1.1.4322; .NET4.0C)"
69.181.192.92 - - [05/Mar/2011:14:43:54 -0800] "GET /rw_common/themes/lino/css/shadow/show.css HTTP/1.1" 200 136 "http://www.goldengatetennisclub.org/" "Mozilla/4.0 (compatible; MSIE 8.0; Windows NT 6.0; Trident/4.0; GTB6.6; SLCC1; .NET CLR 2.0.50727; Media Center PC 5.0; .NET CLR 3.5.30729; .NET CLR 3.0.30618; .NET CLR 1.1.4322; .NET4.0C)"
69.181.192.92 - - [05/Mar/2011:14:43:54 -0800] "GET /rw_common/themes/lino/css/header/image/image10.css HTTP/1.1" 200 75 "http://www.goldengatetennisclub.org/" "Mozilla/4.0 (compatible; MSIE 8.0; Windows NT 6.0; Trident/4.0; GTB6.6; SLCC1; .NET CLR 2.0.50727; Media Center PC 5.0; .NET CLR 3.5.30729; .NET CLR 3.0.30618; .NET CLR 1.1.4322; .NET4.0C)"
69.181.192.92 - - [05/Mar/2011:14:43:54 -0800] "GET /rw_common/themes/lino/colourtag-page0.css HTTP/1.1" 200 2947 "http://www.goldengatetennisclub.org/" "Mozilla/4.0 (compatible; MSIE 8.0; Windows NT 6.0; Trident/4.0; GTB6.6; SLCC1; .NET CLR 2.0.50727; Media Center PC 5.0; .NET CLR 3.5.30729; .NET CLR 3.0.30618; .NET CLR 1.1.4322; .NET4.0C)"
69.181.192.92 - - [05/Mar/2011:14:43:54 -0800] "GET /rw_common/themes/lino/css/image_size/noresize.css HTTP/1.1" 200 51 "http://www.goldengatetennisclub.org/" "Mozilla/4.0 (compatible; MSIE 8.0; Windows NT 6.0; Trident/4.0; GTB6.6; SLCC1; .NET CLR 2.0.50727; Media Center PC 5.0; .NET CLR 3.5.30729; .NET CLR 3.0.30618; .NET CLR 1.1.4322; .NET4.0C)"
69.181.192.92 - - [05/Mar/2011:14:43:54 -0800] "GET /files/page0_2.gif HTTP/1.1" 200 3437 "http://www.goldengatetennisclub.org/" "Mozilla/4.0 (compatible; MSIE 8.0; Windows NT 6.0; Trident/4.0; GTB6.6; SLCC1; .NET CLR 2.0.50727; Media Center PC 5.0; .NET CLR 3.5.30729; .NET CLR 3.0.30618; .NET CLR 1.1.4322; .NET4.0C)"
69.181.192.92 - - [05/Mar/2011:14:43:54 -0800] "GET /files/page0_3.jpg HTTP/1.1" 200 8551 "http://www.goldengatetennisclub.org/" "Mozilla/4.0 (compatible; MSIE 8.0; Windows NT 6.0; Trident/4.0; GTB6.6; SLCC1; .NET CLR 2.0.50727; Media Center PC 5.0; .NET CLR 3.5.30729; .NET CLR 3.0.30618; .NET CLR 1.1.4322; .NET4.0C)"
69.181.192.92 - - [05/Mar/2011:14:43:54 -0800] "GET /rw_common/themes/lino/images/shadow/left.png HTTP/1.1" 200 1394 "http://www.goldengatetennisclub.org/" "Mozilla/4.0 (compatible; MSIE 8.0; Windows NT 6.0; Trident/4.0; GTB6.6; SLCC1; .NET CLR 2.0.50727; Media Center PC 5.0; .NET CLR 3.5.30729; .NET CLR 3.0.30618; .NET CLR 1.1.4322; .NET4.0C)"
69.181.192.92 - - [05/Mar/2011:14:43:55 -0800] "GET /rw_common/themes/lino/images/shadow/right.png HTTP/1.1" 200 1429 "http://www.goldengatetennisclub.org/" "Mozilla/4.0 (compatible; MSIE 8.0; Windows NT 6.0; Trident/4.0; GTB6.6; SLCC1; .NET CLR 2.0.50727; Media Center PC 5.0; .NET CLR 3.5.30729; .NET CLR 3.0.30618; .NET CLR 1.1.4322; .NET4.0C)"
69.181.192.92 - - [05/Mar/2011:14:43:55 -0800] "GET /rw_common/themes/lino/images/header/image10.jpg HTTP/1.1" 200 50345 "http://www.goldengatetennisclub.org/" "Mozilla/4.0 (compatible; MSIE 8.0; Windows NT 6.0; Trident/4.0; GTB6.6; SLCC1; .NET CLR 2.0.50727; Media Center PC 5.0; .NET CLR 3.5.30729; .NET CLR 3.0.30618; .NET CLR 1.1.4322; .NET4.0C)"
69.181.196.239 - - [05/Mar/2011:14:43:55 -0800] "GET /favicon.ico HTTP/1.1" 404 217 "-" "Mozilla/5.0 (Macintosh; U; Intel Mac OS X 10.5; en-US; rv:1.9.2.13) Gecko/20101203 Firefox/3.6.13"
69.181.192.92 - - [05/Mar/2011:14:43:56 -0800] "GET /files/page0_1.jpg HTTP/1.1" 200 136305 "http://www.goldengatetennisclub.org/" "Mozilla/4.0 (compatible; MSIE 8.0; Windows NT 6.0; Trident/4.0; GTB6.6; SLCC1; .NET CLR 2.0.50727; Media Center PC 5.0; .NET CLR 3.5.30729; .NET CLR 3.0.30618; .NET CLR 1.1.4322; .NET4.0C)"
69.181.192.92 - - [05/Mar/2011:14:43:56 -0800] "GET /favicon.ico HTTP/1.1" 404 205 "-" "Mozilla/4.0 (compatible; MSIE 8.0; Windows NT 6.0; Trident/4.0; GTB6.6; SLCC1; .NET CLR 2.0.50727; Media Center PC 5.0; .NET CLR 3.5.30729; .NET CLR 3.0.30618; .NET CLR 1.1.4322; .NET4.0C)"
69.181.192.92 - - [05/Mar/2011:14:43:56 -0800] "GET /rw_common/themes/lino/greybox/w_close.gif HTTP/1.1" 200 74 "http://www.goldengatetennisclub.org/" "Mozilla/4.0 (compatible; MSIE 8.0; Windows NT 6.0; Trident/4.0; GTB6.6; SLCC1; .NET CLR 2.0.50727; Media Center PC 5.0; .NET CLR 3.5.30729; .NET CLR 3.0.30618; .NET CLR 1.1.4322; .NET4.0C)"
69.181.192.92 - - [05/Mar/2011:14:43:56 -0800] "GET /rw_common/themes/lino/greybox/g_close.gif HTTP/1.1" 200 541 "http://www.goldengatetennisclub.org/" "Mozilla/4.0 (compatible; MSIE 8.0; Windows NT 6.0; Trident/4.0; GTB6.6; SLCC1; .NET CLR 2.0.50727; Media Center PC 5.0; .NET CLR 3.5.30729; .NET CLR 3.0.30618; .NET CLR 1.1.4322; .NET4.0C)"
69.181.192.92 - - [05/Mar/2011:14:43:56 -0800] "GET /rw_common/themes/lino/greybox/header_bg.gif HTTP/1.1" 200 1188 "http://www.goldengatetennisclub.org/" "Mozilla/4.0 (compatible; MSIE 8.0; Windows NT 6.0; Trident/4.0; GTB6.6; SLCC1; .NET CLR 2.0.50727; Media Center PC 5.0; .NET CLR 3.5.30729; .NET CLR 3.0.30618; .NET CLR 1.1.4322; .NET4.0C)"
69.181.192.92 - - [05/Mar/2011:14:43:56 -0800] "GET /rw_common/themes/lino/greybox/indicator.gif HTTP/1.1" 200 8238 "http://www.goldengatetennisclub.org/" "Mozilla/4.0 (compatible; MSIE 8.0; Windows NT 6.0; Trident/4.0; GTB6.6; SLCC1; .NET CLR 2.0.50727; Media Center PC 5.0; .NET CLR 3.5.30729; .NET CLR 3.0.30618; .NET CLR 1.1.4322; .NET4.0C)"
69.181.196.239 - - [05/Mar/2011:14:43:58 -0800] "GET /page5/files/page5-1014-full.html HTTP/1.1" 200 2297 "http://www.goldengatetennisclub.org/page5/page5.html" "Mozilla/5.0 (Macintosh; U; Intel Mac OS X 10.5; en-US; rv:1.9.2.13) Gecko/20101203 Firefox/3.6.13"
69.181.196.239 - - [05/Mar/2011:14:43:59 -0800] "GET /page5/files/page5-1014-full.jpg HTTP/1.1" 200 88783 "http://www.goldengatetennisclub.org/page5/files/page5-1014-full.html" "Mozilla/5.0 (Macintosh; U; Intel Mac OS X 10.5; en-US; rv:1.9.2.13) Gecko/20101203 Firefox/3.6.13"
69.181.196.239 - - [05/Mar/2011:14:43:59 -0800] "GET /favicon.ico HTTP/1.1" 404 217 "-" "Mozilla/5.0 (Macintosh; U; Intel Mac OS X 10.5; en-US; rv:1.9.2.13) Gecko/20101203 Firefox/3.6.13"
69.181.205.163 - - [05/Mar/2011:14:44:01 -0800] "GET /page3/page3.html HTTP/1.1" 200 12097 "http://www.goldengatetennisclub.org/page2/page2.html" "Mozilla/5.0 (Windows; U; Windows NT 5.1; en-US; rv:1.9.2.9) Gecko/20100824 Firefox/3.6.9"
69.181.192.92 - - [05/Mar/2011:14:44:01 -0800] "GET /page2/page2.html HTTP/1.1" 200 11355 "http://www.goldengatetennisclub.org/" "Mozilla/4.0 (compatible; MSIE 8.0; Windows NT 6.0; Trident/4.0; GTB6.6; SLCC1; .NET CLR 2.0.50727; Media Center PC 5.0; .NET CLR 3.5.30729; .NET CLR 3.0.30618; .NET CLR 1.1.4322; .NET4.0C)"
69.181.205.163 - - [05/Mar/2011:14:44:01 -0800] "GET /rw_common/themes/lino/colourtag-page3.css HTTP/1.1" 200 2947 "http://www.goldengatetennisclub.org/page3/page3.html" "Mozilla/5.0 (Windows; U; Windows NT 5.1; en-US; rv:1.9.2.9) Gecko/20100824 Firefox/3.6.9"
69.181.196.239 - - [05/Mar/2011:14:44:01 -0800] "GET /favicon.ico HTTP/1.1" 404 217 "-" "Mozilla/5.0 (Macintosh; U; Intel Mac OS X 10.5; en-US; rv:1.9.2.13) Gecko/20101203 Firefox/3.6.13"
69.181.192.92 - - [05/Mar/2011:14:44:02 -0800] "GET /rw_common/themes/lino/colourtag-page2.css HTTP/1.1" 200 2947 "http://www.goldengatetennisclub.org/page2/page2.html" "Mozilla/4.0 (compatible; MSIE 8.0; Windows NT 6.0; Trident/4.0; GTB6.6; SLCC1; .NET CLR 2.0.50727; Media Center PC 5.0; .NET CLR 3.5.30729; .NET CLR 3.0.30618; .NET CLR 1.1.4322; .NET4.0C)"
69.181.192.92 - - [05/Mar/2011:14:44:02 -0800] "GET /favicon.ico HTTP/1.1" 404 205 "-" "Mozilla/4.0 (compatible; MSIE 8.0; Windows NT 6.0; Trident/4.0; GTB6.6; SLCC1; .NET CLR 2.0.50727; Media Center PC 5.0; .NET CLR 3.5.30729; .NET CLR 3.0.30618; .NET CLR 1.1.4322; .NET4.0C)"
69.181.196.239 - - [05/Mar/2011:14:44:03 -0800] "GET /page5/files/page5-1010-full.html HTTP/1.1" 200 2292 "http://www.goldengatetennisclub.org/page5/page5.html" "Mozilla/5.0 (Macintosh; U; Intel Mac OS X 10.5; en-US; rv:1.9.2.13) Gecko/20101203 Firefox/3.6.13"
69.181.196.239 - - [05/Mar/2011:14:44:04 -0800] "GET /page5/files/page5-1010-full.jpg HTTP/1.1" 200 120060 "http://www.goldengatetennisclub.org/page5/files/page5-1010-full.html" "Mozilla/5.0 (Macintosh; U; Intel Mac OS X 10.5; en-US; rv:1.9.2.13) Gecko/20101203 Firefox/3.6.13"
69.181.196.239 - - [05/Mar/2011:14:44:04 -0800] "GET /favicon.ico HTTP/1.1" 404 217 "-" "Mozilla/5.0 (Macintosh; U; Intel Mac OS X 10.5; en-US; rv:1.9.2.13) Gecko/20101203 Firefox/3.6.13"
69.181.196.239 - - [05/Mar/2011:14:44:06 -0800] "GET /favicon.ico HTTP/1.1" 404 217 "-" "Mozilla/5.0 (Macintosh; U; Intel Mac OS X 10.5; en-US; rv:1.9.2.13) Gecko/20101203 Firefox/3.6.13"
69.181.205.163 - - [05/Mar/2011:14:44:06 -0800] "GET /rw_common/themes/lino/colourtag-page4.css HTTP/1.1" 200 2947 "http://www.goldengatetennisclub.org/page4/page4.html" "Mozilla/5.0 (Windows; U; Windows NT 5.1; en-US; rv:1.9.2.9) Gecko/20100824 Firefox/3.6.9"
69.181.205.163 - - [05/Mar/2011:14:44:06 -0800] "GET /page4/page4.html HTTP/1.1" 200 15440 "http://www.goldengatetennisclub.org/page3/page3.html" "Mozilla/5.0 (Windows; U; Windows NT 5.1; en-US; rv:1.9.2.9) Gecko/20100824 Firefox/3.6.9"
69.181.205.163 - - [05/Mar/2011:14:44:07 -0800] "GET /page4/files/page4_1.jpg HTTP/1.1" 200 25337 "http://www.goldengatetennisclub.org/page4/page4.html" "Mozilla/5.0 (Windows; U; Windows NT 5.1; en-US; rv:1.9.2.9) Gecko/20100824 Firefox/3.6.9"
69.181.196.239 - - [05/Mar/2011:14:44:07 -0800] "GET /page5/files/page5-1012-full.html HTTP/1.1" 200 2296 "http://www.goldengatetennisclub.org/page5/page5.html" "Mozilla/5.0 (Macintosh; U; Intel Mac OS X 10.5; en-US; rv:1.9.2.13) Gecko/20101203 Firefox/3.6.13"
69.181.196.239 - - [05/Mar/2011:14:44:08 -0800] "GET /page5/files/page5-1012-full.jpg HTTP/1.1" 200 89833 "http://www.goldengatetennisclub.org/page5/files/page5-1012-full.html" "Mozilla/5.0 (Macintosh; U; Intel Mac OS X 10.5; en-US; rv:1.9.2.13) Gecko/20101203 Firefox/3.6.13"
69.181.196.239 - - [05/Mar/2011:14:44:08 -0800] "GET /favicon.ico HTTP/1.1" 404 217 "-" "Mozilla/5.0 (Macintosh; U; Intel Mac OS X 10.5; en-US; rv:1.9.2.13) Gecko/20101203 Firefox/3.6.13"
69.181.196.239 - - [05/Mar/2011:14:44:11 -0800] "GET /favicon.ico HTTP/1.1" 404 217 "-" "Mozilla/5.0 (Macintosh; U; Intel Mac OS X 10.5; en-US; rv:1.9.2.13) Gecko/20101203 Firefox/3.6.13"
69.181.196.239 - - [05/Mar/2011:14:44:13 -0800] "GET /favicon.ico HTTP/1.1" 404 217 "-" "Mozilla/5.0 (Macintosh; U; Intel Mac OS X 10.5; en-US; rv:1.9.2.13) Gecko/20101203 Firefox/3.6.13"
69.181.196.239 - - [05/Mar/2011:14:44:17 -0800] "GET /page5/files/page5-1018-full.html HTTP/1.1" 200 2290 "http://www.goldengatetennisclub.org/page5/page5.html" "Mozilla/5.0 (Macintosh; U; Intel Mac OS X 10.5; en-US; rv:1.9.2.13) Gecko/20101203 Firefox/3.6.13"
69.181.196.239 - - [05/Mar/2011:14:44:18 -0800] "GET /page5/files/page5-1018-full.jpg HTTP/1.1" 200 112976 "http://www.goldengatetennisclub.org/page5/files/page5-1018-full.html" "Mozilla/5.0 (Macintosh; U; Intel Mac OS X 10.5; en-US; rv:1.9.2.13) Gecko/20101203 Firefox/3.6.13"
69.181.196.239 - - [05/Mar/2011:14:44:18 -0800] "GET /favicon.ico HTTP/1.1" 404 217 "-" "Mozilla/5.0 (Macintosh; U; Intel Mac OS X 10.5; en-US; rv:1.9.2.13) Gecko/20101203 Firefox/3.6.13"
69.181.196.239 - - [05/Mar/2011:14:44:19 -0800] "GET /favicon.ico HTTP/1.1" 404 217 "-" "Mozilla/5.0 (Macintosh; U; Intel Mac OS X 10.5; en-US; rv:1.9.2.13) Gecko/20101203 Firefox/3.6.13"
69.181.196.239 - - [05/Mar/2011:14:44:23 -0800] "GET /page5/files/page5-1015-full.html HTTP/1.1" 200 2299 "http://www.goldengatetennisclub.org/page5/page5.html" "Mozilla/5.0 (Macintosh; U; Intel Mac OS X 10.5; en-US; rv:1.9.2.13) Gecko/20101203 Firefox/3.6.13"
69.181.196.239 - - [05/Mar/2011:14:44:24 -0800] "GET /page5/files/page5-1015-full.jpg HTTP/1.1" 200 115843 "http://www.goldengatetennisclub.org/page5/files/page5-1015-full.html" "Mozilla/5.0 (Macintosh; U; Intel Mac OS X 10.5; en-US; rv:1.9.2.13) Gecko/20101203 Firefox/3.6.13"
69.181.196.239 - - [05/Mar/2011:14:44:24 -0800] "GET /favicon.ico HTTP/1.1" 404 217 "-" "Mozilla/5.0 (Macintosh; U; Intel Mac OS X 10.5; en-US; rv:1.9.2.13) Gecko/20101203 Firefox/3.6.13"
69.181.196.239 - - [05/Mar/2011:14:44:25 -0800] "GET /favicon.ico HTTP/1.1" 404 217 "-" "Mozilla/5.0 (Macintosh; U; Intel Mac OS X 10.5; en-US; rv:1.9.2.13) Gecko/20101203 Firefox/3.6.13"
69.181.205.163 - - [05/Mar/2011:14:44:26 -0800] "GET /page7/page7.html HTTP/1.1" 200 11588 "http://www.goldengatetennisclub.org/page4/page4.html" "Mozilla/5.0 (Windows; U; Windows NT 5.1; en-US; rv:1.9.2.9) Gecko/20100824 Firefox/3.6.9"
69.181.205.163 - - [05/Mar/2011:14:44:26 -0800] "GET /rw_common/themes/lino/colourtag-page7.css HTTP/1.1" 200 2947 "http://www.goldengatetennisclub.org/page7/page7.html" "Mozilla/5.0 (Windows; U; Windows NT 5.1; en-US; rv:1.9.2.9) Gecko/20100824 Firefox/3.6.9"
69.181.205.163 - - [05/Mar/2011:14:44:27 -0800] "GET /page7/files/page7_1.jpg HTTP/1.1" 200 20954 "http://www.goldengatetennisclub.org/page7/page7.html" "Mozilla/5.0 (Windows; U; Windows NT 5.1; en-US; rv:1.9.2.9) Gecko/20100824 Firefox/3.6.9"
69.181.196.239 - - [05/Mar/2011:14:44:28 -0800] "GET /page5/files/page5-1016-full.html HTTP/1.1" 200 2300 "http://www.goldengatetennisclub.org/page5/page5.html" "Mozilla/5.0 (Macintosh; U; Intel Mac OS X 10.5; en-US; rv:1.9.2.13) Gecko/20101203 Firefox/3.6.13"
69.181.196.239 - - [05/Mar/2011:14:44:29 -0800] "GET /page5/files/page5-1016-full.jpg HTTP/1.1" 200 104710 "http://www.goldengatetennisclub.org/page5/files/page5-1016-full.html" "Mozilla/5.0 (Macintosh; U; Intel Mac OS X 10.5; en-US; rv:1.9.2.13) Gecko/20101203 Firefox/3.6.13"
69.181.196.239 - - [05/Mar/2011:14:44:30 -0800] "GET /favicon.ico HTTP/1.1" 404 217 "-" "Mozilla/5.0 (Macintosh; U; Intel Mac OS X 10.5; en-US; rv:1.9.2.13) Gecko/20101203 Firefox/3.6.13"
69.181.196.239 - - [05/Mar/2011:14:44:30 -0800] "GET /favicon.ico HTTP/1.1" 404 217 "-" "Mozilla/5.0 (Macintosh; U; Intel Mac OS X 10.5; en-US; rv:1.9.2.13) Gecko/20101203 Firefox/3.6.13"
69.181.196.239 - - [05/Mar/2011:14:44:35 -0800] "GET /page3/page3.html HTTP/1.1" 200 12097 "http://www.goldengatetennisclub.org/page5/page5.html" "Mozilla/5.0 (Macintosh; U; Intel Mac OS X 10.5; en-US; rv:1.9.2.13) Gecko/20101203 Firefox/3.6.13"
69.181.196.239 - - [05/Mar/2011:14:44:36 -0800] "GET /rw_common/themes/lino/colourtag-page3.css HTTP/1.1" 200 2947 "http://www.goldengatetennisclub.org/page3/page3.html" "Mozilla/5.0 (Macintosh; U; Intel Mac OS X 10.5; en-US; rv:1.9.2.13) Gecko/20101203 Firefox/3.6.13"
69.181.196.239 - - [05/Mar/2011:14:44:36 -0800] "GET /favicon.ico HTTP/1.1" 404 217 "-" "Mozilla/5.0 (Macintosh; U; Intel Mac OS X 10.5; en-US; rv:1.9.2.13) Gecko/20101203 Firefox/3.6.13"
